// Jest Snapshot v1, https://goo.gl/fbAQLP

exports[`renders homepage unchanged 1`] = `
<div>
  <div
    class="p-4"
  >
    <div
      class="bg-white p-4 rounded shadow max-w-6xl mx-auto"
    >
      <input
        class="text-2xl font-bold mb-2 w-full text-center border-b border-gray-300"
        data-testid="page-title"
        type="text"
        value="Ders Programı"
      />
      <input
        class="mb-4 font-semibold w-full text-center border-b border-gray-300"
        data-testid="group-title"
        type="text"
        value="1. Grup Hz. Fatima Dershanesi"
      />
      <table
        class="w-full border border-collapse text-sm"
      >
        <thead
          class="bg-gray-200"
        >
          <tr>
            <th
              class="border p-2"
            >
              #
            </th>
            <th
              class="border p-2"
            >
              Öğrenci
            </th>
            <th
              class="border p-2"
            >
              Ders
            </th>
            <th
              class="border p-2"
            >
              Hoca
            </th>
            <th
              class="border p-2"
            >
              Pzt
            </th>
            <th
              class="border p-2"
            >
              Salı
            </th>
            <th
              class="border p-2"
            >
              Çarşamba
            </th>
            <th
              class="border p-2"
            >
              Perşembe
            </th>
            <th
              class="border p-2"
            >
              Cuma
            </th>
            <th
              class="border p-2"
            >
              Cumartesi
            </th>
            <th
              class="border p-2"
            >
              Pazar
            </th>
          </tr>
        </thead>
        <tbody>
          <tr
            data-testid="row"
          >
            <td
              class="border p-2"
            >
              1
            </td>
            <td
              class="border p-2 w-20"
            >
              <input
                class="w-full border p-1 min-w-[10rem]"
                data-testid="student-input"
                list="student-list"
                value=""
              />
            </td>
            <td
              class="border p-2"
            >
              <input
                class="w-full border p-1 min-w-[10rem]"
                list="lesson-list"
                value=""
              />
            </td>
            <td
              class="border p-2"
            >
              <input
                class="w-full border p-1"
                list="teacher-list"
                value=""
              />
            </td>
            <td
              class="border p-2"
            >
              <select
                class="w-full border p-1 min-w-[4rem]"
                data-testid="select-mon-0"
              >
                <option
                  value="—"
                >
                  —
                </option>
                <option
                  value="07:00"
                >
                  07:00
                </option>
                <option
                  value="08:00"
                >
                  08:00
                </option>
                <option
                  value="09:00"
                >
                  09:00
                </option>
                <option
                  value="10:00"
                >
                  10:00
                </option>
                <option
                  value="11:00"
                >
                  11:00
                </option>
                <option
                  value="12:00"
                >
                  12:00
                </option>
                <option
                  value="13:00"
                >
                  13:00
                </option>
                <option
                  value="14:00"
                >
                  14:00
                </option>
                <option
                  value="15:00"
                >
                  15:00
                </option>
                <option
                  value="16:00"
                >
                  16:00
                </option>
                <option
                  value="17:00"
                >
                  17:00
                </option>
                <option
                  value="18:00"
                >
                  18:00
                </option>
                <option
                  value="19:00"
                >
                  19:00
                </option>
                <option
                  value="20:00"
                >
                  20:00
                </option>
                <option
                  value="21:00"
                >
                  21:00
                </option>
                <option
                  value="22:00"
                >
                  22:00
                </option>
                <option
                  value="23:00"
                >
                  23:00
                </option>
              </select>
            </td>
            <td
              class="border p-2"
            >
              <select
                class="w-full border p-1 min-w-[4rem]"
                data-testid="select-tue-0"
              >
                <option
                  value="—"
                >
                  —
                </option>
                <option
                  value="07:00"
                >
                  07:00
                </option>
                <option
                  value="08:00"
                >
                  08:00
                </option>
                <option
                  value="09:00"
                >
                  09:00
                </option>
                <option
                  value="10:00"
                >
                  10:00
                </option>
                <option
                  value="11:00"
                >
                  11:00
                </option>
                <option
                  value="12:00"
                >
                  12:00
                </option>
                <option
                  value="13:00"
                >
                  13:00
                </option>
                <option
                  value="14:00"
                >
                  14:00
                </option>
                <option
                  value="15:00"
                >
                  15:00
                </option>
                <option
                  value="16:00"
                >
                  16:00
                </option>
                <option
                  value="17:00"
                >
                  17:00
                </option>
                <option
                  value="18:00"
                >
                  18:00
                </option>
                <option
                  value="19:00"
                >
                  19:00
                </option>
                <option
                  value="20:00"
                >
                  20:00
                </option>
                <option
                  value="21:00"
                >
                  21:00
                </option>
                <option
                  value="22:00"
                >
                  22:00
                </option>
                <option
                  value="23:00"
                >
                  23:00
                </option>
              </select>
            </td>
            <td
              class="border p-2"
            >
              <select
                class="w-full border p-1 min-w-[4rem]"
                data-testid="select-wed-0"
              >
                <option
                  value="—"
                >
                  —
                </option>
                <option
                  value="07:00"
                >
                  07:00
                </option>
                <option
                  value="08:00"
                >
                  08:00
                </option>
                <option
                  value="09:00"
                >
                  09:00
                </option>
                <option
                  value="10:00"
                >
                  10:00
                </option>
                <option
                  value="11:00"
                >
                  11:00
                </option>
                <option
                  value="12:00"
                >
                  12:00
                </option>
                <option
                  value="13:00"
                >
                  13:00
                </option>
                <option
                  value="14:00"
                >
                  14:00
                </option>
                <option
                  value="15:00"
                >
                  15:00
                </option>
                <option
                  value="16:00"
                >
                  16:00
                </option>
                <option
                  value="17:00"
                >
                  17:00
                </option>
                <option
                  value="18:00"
                >
                  18:00
                </option>
                <option
                  value="19:00"
                >
                  19:00
                </option>
                <option
                  value="20:00"
                >
                  20:00
                </option>
                <option
                  value="21:00"
                >
                  21:00
                </option>
                <option
                  value="22:00"
                >
                  22:00
                </option>
                <option
                  value="23:00"
                >
                  23:00
                </option>
              </select>
            </td>
            <td
              class="border p-2"
            >
              <select
                class="w-full border p-1 min-w-[4rem]"
                data-testid="select-thu-0"
              >
                <option
                  value="—"
                >
                  —
                </option>
                <option
                  value="07:00"
                >
                  07:00
                </option>
                <option
                  value="08:00"
                >
                  08:00
                </option>
                <option
                  value="09:00"
                >
                  09:00
                </option>
                <option
                  value="10:00"
                >
                  10:00
                </option>
                <option
                  value="11:00"
                >
                  11:00
                </option>
                <option
                  value="12:00"
                >
                  12:00
                </option>
                <option
                  value="13:00"
                >
                  13:00
                </option>
                <option
                  value="14:00"
                >
                  14:00
                </option>
                <option
                  value="15:00"
                >
                  15:00
                </option>
                <option
                  value="16:00"
                >
                  16:00
                </option>
                <option
                  value="17:00"
                >
                  17:00
                </option>
                <option
                  value="18:00"
                >
                  18:00
                </option>
                <option
                  value="19:00"
                >
                  19:00
                </option>
                <option
                  value="20:00"
                >
                  20:00
                </option>
                <option
                  value="21:00"
                >
                  21:00
                </option>
                <option
                  value="22:00"
                >
                  22:00
                </option>
                <option
                  value="23:00"
                >
                  23:00
                </option>
              </select>
            </td>
            <td
              class="border p-2"
            >
              <select
                class="w-full border p-1 min-w-[4rem]"
                data-testid="select-fri-0"
              >
                <option
                  value="—"
                >
                  —
                </option>
                <option
                  value="07:00"
                >
                  07:00
                </option>
                <option
                  value="08:00"
                >
                  08:00
                </option>
                <option
                  value="09:00"
                >
                  09:00
                </option>
                <option
                  value="10:00"
                >
                  10:00
                </option>
                <option
                  value="11:00"
                >
                  11:00
                </option>
                <option
                  value="12:00"
                >
                  12:00
                </option>
                <option
                  value="13:00"
                >
                  13:00
                </option>
                <option
                  value="14:00"
                >
                  14:00
                </option>
                <option
                  value="15:00"
                >
                  15:00
                </option>
                <option
                  value="16:00"
                >
                  16:00
                </option>
                <option
                  value="17:00"
                >
                  17:00
                </option>
                <option
                  value="18:00"
                >
                  18:00
                </option>
                <option
                  value="19:00"
                >
                  19:00
                </option>
                <option
                  value="20:00"
                >
                  20:00
                </option>
                <option
                  value="21:00"
                >
                  21:00
                </option>
                <option
                  value="22:00"
                >
                  22:00
                </option>
                <option
                  value="23:00"
                >
                  23:00
                </option>
              </select>
            </td>
            <td
              class="border p-2"
            >
              <select
                class="w-full border p-1 min-w-[4rem]"
                data-testid="select-sat-0"
              >
                <option
                  value="—"
                >
                  —
                </option>
                <option
                  value="07:00"
                >
                  07:00
                </option>
                <option
                  value="08:00"
                >
                  08:00
                </option>
                <option
                  value="09:00"
                >
                  09:00
                </option>
                <option
                  value="10:00"
                >
                  10:00
                </option>
                <option
                  value="11:00"
                >
                  11:00
                </option>
                <option
                  value="12:00"
                >
                  12:00
                </option>
                <option
                  value="13:00"
                >
                  13:00
                </option>
                <option
                  value="14:00"
                >
                  14:00
                </option>
                <option
                  value="15:00"
                >
                  15:00
                </option>
                <option
                  value="16:00"
                >
                  16:00
                </option>
                <option
                  value="17:00"
                >
                  17:00
                </option>
                <option
                  value="18:00"
                >
                  18:00
                </option>
                <option
                  value="19:00"
                >
                  19:00
                </option>
                <option
                  value="20:00"
                >
                  20:00
                </option>
                <option
                  value="21:00"
                >
                  21:00
                </option>
                <option
                  value="22:00"
                >
                  22:00
                </option>
                <option
                  value="23:00"
                >
                  23:00
                </option>
              </select>
            </td>
            <td
              class="border p-2"
            >
              <select
                class="w-full border p-1 min-w-[4rem]"
                data-testid="select-sun-0"
              >
                <option
                  value="—"
                >
                  —
                </option>
                <option
                  value="07:00"
                >
                  07:00
                </option>
                <option
                  value="08:00"
                >
                  08:00
                </option>
                <option
                  value="09:00"
                >
                  09:00
                </option>
                <option
                  value="10:00"
                >
                  10:00
                </option>
                <option
                  value="11:00"
                >
                  11:00
                </option>
                <option
                  value="12:00"
                >
                  12:00
                </option>
                <option
                  value="13:00"
                >
                  13:00
                </option>
                <option
                  value="14:00"
                >
                  14:00
                </option>
                <option
                  value="15:00"
                >
                  15:00
                </option>
                <option
                  value="16:00"
                >
                  16:00
                </option>
                <option
                  value="17:00"
                >
                  17:00
                </option>
                <option
                  value="18:00"
                >
                  18:00
                </option>
                <option
                  value="19:00"
                >
                  19:00
                </option>
                <option
                  value="20:00"
                >
                  20:00
                </option>
                <option
                  value="21:00"
                >
                  21:00
                </option>
                <option
                  value="22:00"
                >
                  22:00
                </option>
                <option
                  value="23:00"
                >
                  23:00
                </option>
              </select>
            </td>
          </tr>
        </tbody>
      </table>
      <datalist
        id="student-list"
      >
        <option
          value="Selma Angın"
        />
        <option
          value="Fatma Çelik"
        />
      </datalist>
      <datalist
        id="lesson-list"
      >
        <option
          value="Arapça"
        />
        <option
          value="Menakıb"
        />
        <option
          value="Fıkıh"
        />
      </datalist>
      <datalist
        id="teacher-list"
      >
        <option
          value="Safiye"
        />
        <option
          value="A. Günaydin"
        />
        <option
          value="S. Metin"
        />
      </datalist>
    </div>
    <div
      class="flex justify-between mt-4 max-w-6xl mx-auto"
    >
      <button
        class="bg-green-600 text-white px-4 py-2 rounded hover:bg-green-700"
        data-testid="add-row-btn"
      >
        Satır Ekle
      </button>
      <button
        class="bg-blue-600 text-white px-4 py-2 rounded hover:bg-blue-700"
      >
        PDF olarak indir
      </button>
    </div>
  </div>
</div>
`;
